// Jest Snapshot v1, https://goo.gl/fbAQLP

exports[`withAddReviewScreen is rendered correctly 1`] = `<div />`;
