// Jest Snapshot v1, https://goo.gl/fbAQLP

exports[`withTabs is rendered correctly 1`] = `<div />`;
