// Jest Snapshot v1, https://goo.gl/fbAQLP

exports[`Should PromoFilm render correctly 1`] = `
<section
  className="movie-card"
>
  <div
    className="movie-card__bg"
  >
    <img
      alt="Bronson"
      src="https://assets.htmlacademy.ru/intensives/javascript-3/film/background/bronson.jpg"
    />
  </div>
  <h1
    className="visually-hidden"
  >
    WTW
  </h1>
  <header
    className="page-header movie-card__head"
  >
    <div
      className="logo"
    >
      <a
        className="logo__link "
        href="/"
        onClick={[Function]}
      >
        <span
          className="logo__letter logo__letter--1"
        >
          W
        </span>
        <span
          className="logo__letter logo__letter--2"
        >
          T
        </span>
        <span
          className="logo__letter logo__letter--3"
        >
          W
        </span>
      </a>
    </div>
    <UserBlock />
  </header>
  <div
    className="movie-card__wrap"
  >
    <div
      className="movie-card__info"
    >
      <div
        className="movie-card__poster"
      >
        <img
          alt="Bronson"
          height="327"
          src="https://assets.htmlacademy.ru/intensives/javascript-3/film/poster/bronson.jpg"
          width="218"
        />
      </div>
      <div
        className="movie-card__desc"
      >
        <h2
          className="movie-card__title"
        >
          Bronson
        </h2>
        <p
          className="movie-card__meta"
        >
          <span
            className="movie-card__genre"
          >
            Action
          </span>
          <span
            className="movie-card__year"
          >
            2008
          </span>
        </p>
        <div
          className="movie-card__buttons"
        >
          <button
            className="btn btn--play movie-card__button"
            onClick={[Function]}
            type="button"
          >
            <svg
              height="19"
              viewBox="0 0 19 19"
              width="19"
            >
              <use
                xlinkHref="#play-s"
              />
            </svg>
            <span>
              Play
            </span>
          </button>
          <MyListButton
            film={
              Object {
                "actors": Array [
                  "Tom Hardy",
                  "Kelly Adams",
                  "Luing Andrews",
                ],
                "backgroundImage": "https://assets.htmlacademy.ru/intensives/javascript-3/film/background/bronson.jpg",
                "comments": false,
                "description": "A young man who was sentenced to seven years",
                "director": "Nicolas Winding Refn",
                "genre": "Action",
                "id": 3,
                "myList": false,
                "poster": "https://assets.htmlacademy.ru/intensives/javascript-3/film/poster/bronson.jpg",
                "previewImage": "https://assets.htmlacademy.ru/intensives/javascript-3/film/preview/bronson.jpg",
                "previewVideo": "https://upload.wikimedia.org/Big_Buck_Bunny_Trailer_400p.ogv.360p.webm",
                "rating": 3.6,
                "ratingText": "Normal",
                "runtime": 92,
                "title": "Bronson",
                "trailer": "http://media.xiph.org/mango/tears_of_steel_1080p.webm",
                "votes": 109661,
                "year": 2008,
              }
            }
          />
        </div>
      </div>
    </div>
  </div>
</section>
`;
