// Jest Snapshot v1, https://goo.gl/fbAQLP

exports[`Should TabFilmOverview render correctly 1`] = `
Array [
  <div
    className="movie-rating"
  >
    <div
      className="movie-rating__score"
    >
      3.6
       
    </div>
    <p
      className="movie-rating__meta"
    >
      <span
        className="movie-rating__level"
      >
        Normal
         
      </span>
      <span
        className="movie-rating__count"
      >
        109661
         ratings
      </span>
    </p>
  </div>,
  <div
    className="movie-card__text"
  >
    <p>
      A young man who was sentenced to seven years
    </p>
    <p
      className="movie-card__director"
    >
      <strong>
        Director: 
        Nicolas Winding Refn
         
      </strong>
    </p>
    <p
      className="movie-card__starring"
    >
      <strong>
        Starring: 
        Tom Hardy, Kelly Adams, Luing Andrews
         
      </strong>
    </p>
  </div>,
]
`;
