// Jest Snapshot v1, https://goo.gl/fbAQLP

exports[`withFilmCard is rendered correctly 1`] = `<div />`;
