// Jest Snapshot v1, https://goo.gl/fbAQLP

exports[`Should Tabs render correctly 1`] = `
<nav
  className="movie-nav movie-card__nav"
>
  <ul
    className="movie-nav__list"
  >
    <li
      className="movie-nav__item "
    >
      <a
        className="movie-nav__link"
        onClick={[Function]}
      >
        Overview
      </a>
    </li>
    <li
      className="movie-nav__item "
    >
      <a
        className="movie-nav__link"
        onClick={[Function]}
      >
        Details
      </a>
    </li>
    <li
      className="movie-nav__item "
    >
      <a
        className="movie-nav__link"
        onClick={[Function]}
      >
        Reviews
      </a>
    </li>
  </ul>
</nav>
`;
