// Jest Snapshot v1, https://goo.gl/fbAQLP

exports[`withMyListButton is rendered correctly 1`] = `<div />`;
